[1/150] clipgt-1c7e2423-77d7-40b6-bf26-f36fb8ebcf52
[2/150] clipgt-1c841180-ba2a-41f0-836b-650e535d8741
[3/150] clipgt-1cf1a70b-a26c-4b3d-9cbf-8ecbeb827487
[4/150] clipgt-1cf49614-606e-4793-a0db-90e34f5370b2
[5/150] clipgt-1d0d601f-bba0-423a-8f3f-8942bb529fd7
[6/150] clipgt-1d1bf6a0-c41d-4a72-b018-51e20250f421
[7/150] clipgt-1d205d02-7180-40c0-8242-22e57ad977d7
[8/150] clipgt-1d68b79f-8459-456f-856d-316ec5572242
[9/150] clipgt-1d6978de-3fda-4526-bcfc-b8287d73e198
[10/150] clipgt-1d7ad5d2-02aa-4353-adf3-ee2a1ce1af24
[11/150] clipgt-1dde2ce8-cf39-4cf7-a1d3-3da09965ffca
[12/150] clipgt-1deba1be-55e2-4f85-8669-d7e4703c6a29
[13/150] clipgt-1e461825-5ed3-4e7d-b7ac-c507bde90be6
[14/150] clipgt-1e6e41a1-e402-48a1-8a96-2ad92a57eb26
[15/150] clipgt-1e7bc103-82e1-44f5-b86a-856fa7412038
[16/150] clipgt-1ef4e5bc-ea88-4cf0-9b07-d0dffdaed145
[17/150] clipgt-1f1551dd-3492-4877-9e5a-6a741b7a7287
[18/150] clipgt-1f3816e3-9036-4124-82fe-bde06f7a3721
[19/150] clipgt-1f816661-b271-479b-ab67-72057de1aadd
[20/150] clipgt-2036568b-916a-4d9d-b4c9-9946d2b3d62d
[21/150] clipgt-20a057e5-c79e-4e78-934e-754a8de365b2
[22/150] clipgt-20b155e0-c26e-4fba-9d34-21ca609cbba6
[23/150] clipgt-20c02adf-a773-4167-9231-82f89c0121be
[24/150] clipgt-21254445-877f-43d0-a92c-a9c1e9694f9f
[25/150] clipgt-21829be5-61af-4627-8758-7170324a3236
[26/150] clipgt-218cce90-9835-4c8c-973c-558c316ee68f
[27/150] clipgt-2205649c-9fad-4f64-85df-ecfd2707c43e
[28/150] clipgt-225eb8de-bf61-4fa9-b4b1-1f749cf8b57f
[29/150] clipgt-22a92557-7661-4a06-9854-b0a7f17d5c84
[30/150] clipgt-22eb5c41-c157-434a-b563-f2eda1148cfd
[31/150] clipgt-22f1e835-c0b2-468f-9385-e893f22d1e6c
[32/150] clipgt-2301484b-78ff-4108-994f-d6ccaf88d546
[33/150] clipgt-2329e12d-9dac-47c3-a83f-8c2784a0c817
[34/150] clipgt-235c5235-95a7-4952-bedc-ed230d244324
[35/150] clipgt-23666aa2-ecb8-4c76-9524-fd3b0c615db0
[36/150] clipgt-23b03b84-fb88-445a-9a85-e19bad0a4986
[37/150] clipgt-23f7c59c-bdb4-4359-a1f5-05ca0aac824b
[38/150] clipgt-23fff61f-09db-4131-b83b-833f03e1bdb3
[39/150] clipgt-2431387d-b9c5-4241-a219-497a99d1f4e5
[40/150] clipgt-24535266-2711-4c57-a98d-bfc024a98782
[41/150] clipgt-2466266e-73bd-4eb4-b881-4e56ab62e0a7
[42/150] clipgt-24db7eb4-eddf-4b20-ba7e-ca54f9b44f11
[43/150] clipgt-24e426ed-e651-4278-b4ea-7a4b90d80edd
[44/150] clipgt-2517eae8-ea91-4ed2-a713-dc02366cb6d9
[45/150] clipgt-251c0932-ddab-455f-b9d5-3958ad2bc036
[46/150] clipgt-25f6ad44-f4ca-4b73-9038-9295546e0da1
[47/150] clipgt-26344d44-4751-4446-a31d-e982c4629eb4
[48/150] clipgt-2726cee4-301c-4d59-ad14-64fad8032e87
[49/150] clipgt-278088cf-15db-4334-be5c-85521b6a4a73
[50/150] clipgt-27a8bd68-4f4b-4dde-96a0-95b4de726dc2
[51/150] clipgt-2854bbf0-3dac-431a-9e48-4c26ebcd1c77
[52/150] clipgt-288829f8-8808-46dc-a7e0-29ed1f7fddbc
[53/150] clipgt-28bb2176-ff3e-4389-9138-87a1af7d6f5f
[54/150] clipgt-28d92a45-12ae-46c5-90bb-796cfd754875
[55/150] clipgt-28dcc0c4-5912-4a9b-99c5-b0f3856698d1
[56/150] clipgt-28e3a9ca-66bc-4d25-a684-fefd43da3e88
[57/150] clipgt-29815599-a5e2-4677-8144-f3d831bbd142
[58/150] clipgt-29f4242b-7ec5-45a6-b1bc-78f19417390b
[59/150] clipgt-29fb826a-9b22-4a1d-8e51-b8d5bee542e5
[60/150] clipgt-2a356a82-3672-4fd5-ad80-174a780ae0c9
[61/150] clipgt-2acac2c5-2fe4-4481-b389-dc9fdce0c90a
[62/150] clipgt-2ad86965-7adf-4698-af12-c8851a7d46cc
[63/150] clipgt-2b4b2e84-cff4-4697-a4b5-ccb706f69438
[64/150] clipgt-2b8f1bfc-145f-4da2-9cfa-e9cd97e53845
[65/150] clipgt-2b9447b3-24ec-4d03-94c2-87e5901c0ec5
[66/150] clipgt-2bc33d61-dc87-4258-b2a6-660d20f2051d
[67/150] clipgt-2bcf87fb-e50e-46fd-b221-01caecb2145e
[68/150] clipgt-2c0ef536-8175-462d-8268-cbaa62ec6f99
[69/150] clipgt-2c9a4206-432a-45f6-8507-98a8648621ca
[70/150] clipgt-2c9a5309-e6e3-45d6-b30f-c1ed724bf7a6
[71/150] clipgt-2cb1caf7-ec7a-460c-9354-14cabbc60263
[72/150] clipgt-2ce64e22-57fe-4d5f-a0ea-2d1825b01ea9
[73/150] clipgt-2d023524-451d-4dff-89aa-0ec40f42e456
[74/150] clipgt-2d10a08d-2f60-49fe-94e8-9d2797a289d2
[75/150] clipgt-2d2673a0-cc80-4ba5-ae72-0588836ed07e
[76/150] clipgt-2da7fb57-852c-43dd-b3fa-f64b88d49fe4
[77/150] clipgt-2de37b03-deac-43f7-93ef-f56f520dbd0f
[78/150] clipgt-2e109d83-cefb-4c81-ba3e-012700335c5c
[79/150] clipgt-2e1ce314-9498-4a16-ab3a-837e6da25bf7
[80/150] clipgt-2e76251a-fb78-44a3-9501-bdf5d7447a3b
[81/150] clipgt-2eafba22-31a0-48e0-84ea-41c97a18f557
[82/150] clipgt-2f380e80-0b15-4d00-a03b-a107106ab0c9
[83/150] clipgt-2f474f6d-509a-483e-ad4d-43fee7b4fb06
[84/150] clipgt-2fe500f7-de7e-4291-83b0-4db00357016f
[85/150] clipgt-30063806-4116-4bdf-976f-d10b1df7d9e2
[86/150] clipgt-307a1b77-7fce-4427-8175-4ac14d0147d2
[87/150] clipgt-3080d0eb-830c-4035-a7a4-393ae04556c1
[88/150] clipgt-31390e97-294f-4bfa-bc01-951fbed5a121
[89/150] clipgt-317fbc5f-bffa-4c17-b143-f214d9453d8d
[90/150] clipgt-31ab4b94-98ef-448f-bb1f-e16bc8d5b832
[91/150] clipgt-31b9fb57-75f3-4276-8926-9e84d75ab1fc
[92/150] clipgt-320c11f3-42e6-4179-b4d1-23fd4be62feb
[93/150] clipgt-3225dbf8-76e8-4189-af3e-e20154442da8
[94/150] clipgt-322caa08-a1af-4b5f-bfb6-d99beacf5596
[95/150] clipgt-3232fdb7-2b72-4e25-8726-4d9b28281e1e
[96/150] clipgt-325f6c39-d822-4ecf-9cd2-e6afc69b0f7e
[97/150] clipgt-329d688f-573d-4a36-b624-71f56d173bd9
[98/150] clipgt-339deecd-ef83-4e22-8bc9-2b6cf2a5f9b4
[99/150] clipgt-33fe94ae-7e43-4c2f-bb0e-b23fc677f957
[100/150] clipgt-34226720-8869-4f9b-ac91-76bdc4f80afc
[101/150] clipgt-343fcaaa-39ec-4f65-b2da-8e7c87fd40bf
[102/150] clipgt-348210ac-6ad8-425c-8797-f2babe6c8850
[103/150] clipgt-34f76732-139a-467b-a4f5-4d881add96a8
[104/150] clipgt-352260e7-744e-4c0a-aeed-fb6f25ae9804
[105/150] clipgt-35544675-e8b6-4eae-969d-e276b8f2059a
[106/150] clipgt-35953aac-81c1-4815-a5d5-4134c08edaa6
[107/150] clipgt-35b7b92a-b64d-4b54-afbb-d23f0b4df598
[108/150] clipgt-35e082a4-8543-4fce-ac06-006b2da0f144
[109/150] clipgt-36509650-f204-40e4-97bd-7d8ae7422c71
[110/150] clipgt-36626308-fe08-4180-abc6-76ef1fa1cb39
[111/150] clipgt-3689391b-2b63-450b-9878-3804c70583ea
[112/150] clipgt-36ab7dc2-e766-4474-ac8d-8cdc4e266ca3
[113/150] clipgt-37113280-a033-4be4-afdd-cb199299e028
[114/150] clipgt-3717cd19-ac06-4d95-8225-0b92c04ada41
[115/150] clipgt-37ca44b5-43c4-4ff9-9106-fc4bef41be49
[116/150] clipgt-383b178b-2e94-4998-9cff-d147d3b859a3
[117/150] clipgt-38e9aaaa-1a5e-4b6e-8991-ec266bdedc78
[118/150] clipgt-3948d3e6-fc32-4a96-a590-7c6db2470a06
[119/150] clipgt-39875322-9804-49ef-afe2-93719b034d37
[120/150] clipgt-39973d65-0c1a-4401-91a0-f0c389e15688
[121/150] clipgt-39f3ab94-d506-421a-9f85-3b7dd00094c1
[122/150] clipgt-3a1341fc-81a0-47b6-8955-bdeb4a709d20
[123/150] clipgt-3a18e43a-4c52-4082-9e8f-bf37ffe5a86f
[124/150] clipgt-3a75ba12-03c4-45b3-bbff-25237729cb3a
[125/150] clipgt-3abb7821-04dd-48c8-bda9-4326844b611f
[126/150] clipgt-3ae073df-35b6-45af-b73d-00d6bef41ff2
[127/150] clipgt-3b934c9a-3172-4a85-91a0-6e3fd0c9f05c
[128/150] clipgt-3b9f9fa6-c966-41a5-9a6c-c64374d97e7c
[129/150] clipgt-3bfdcef1-9b39-4c54-b9a9-dbe662aaefa3
[130/150] clipgt-3c772c77-a319-40a4-a7ec-ad96d92abbb3
[131/150] clipgt-3cd82dee-d715-4152-a696-f49bc0e98dfd
[132/150] clipgt-3d1e57dc-7301-4c0a-88f9-91d0c58476b4
[133/150] clipgt-3d343ae9-6d5b-415f-be2c-aa8d0ebc03c9
[134/150] clipgt-3d66c2ae-f62e-4431-aab7-f68ffd0e4de3
[135/150] clipgt-3e18388c-aa5b-4152-99bd-f93e570bd2ff
[136/150] clipgt-3e73027c-2d42-471e-bbdd-364cd9d5d989
[137/150] clipgt-3ece7254-60dd-49ef-a846-f14e2fd00927
[138/150] clipgt-3f222d30-0256-4de7-b2af-acce198c721d
[139/150] clipgt-3f7c3b2f-2cb3-4443-a60e-ceaf1133c704
[140/150] clipgt-3f80214b-4e87-465d-9704-bb03f2bf01e1
[141/150] clipgt-3fedd4d3-e529-475e-97e8-fbd5eac89976
[142/150] clipgt-404cc92f-193e-4948-b600-77ddc425dcf0
[143/150] clipgt-411ee080-8d8a-4ba5-a6f0-4a19b939ee1f
[144/150] clipgt-41424eff-22b8-4b7d-8cc9-3197c3dc2825
[145/150] clipgt-422069cd-229d-48af-8482-227066c3e55e
[146/150] clipgt-4228c50e-e240-4b1e-9d70-e5b61dad1183
[147/150] clipgt-422c7297-849e-4d02-9ee7-c696f42d4b82
[148/150] clipgt-428a3ed5-1ecc-46e5-9c9e-4a5ba8fe2262
[149/150] clipgt-43e7ed53-d38f-4b04-9225-bfcc3875ebb5
[150/150] clipgt-44409f00-9b06-4103-86d7-d48e41a539e0
downloaded 150; 250 of 916 on disk
